f2d2ce031111ed1d2112564a5891bcb0 /usr/local/esop/agent/mole/bin/autoconf
bb5de499314bd4df0632d5b90947a9ba /usr/local/esop/agent/mole/bin/checkconf
523017a13d0a38b1b51a1a016db799cc /usr/local/esop/agent/mole/bin/include
97d1e5334138417d2d88444a5761cdfd /usr/local/esop/agent/mole/bin/makedir
4f5a664adf84825d55b479d8b7135996 /usr/local/esop/agent/mole/bin/precheck
50a7d7db95707fd058b015d017e0edbb /usr/local/esop/agent/mole/bin/report
0d3054c691eb4a9ac888b5ec07b9ba07 /usr/local/esop/agent/mole/bin/saveconf
d740891dc9123722371f7ed2b26241a2 /usr/local/esop/agent/mole/bin/setinit
1b6b9c491c5b1c5d0a0fc47df7d4f1dc /usr/local/esop/agent/mole/bin/util.pl
f9a9f2b6830f9469d2b861e367c4f0b5 /usr/local/esop/agent/mole/sbin/esop
7138b012d3736e079ffb0f3c134d6e95 /usr/local/esop/agent/mole/sbin/mole
f63360b2d6f9fa1b8109d167024bd24a /usr/local/esop/agent/mole/handler/default_handler
f05bd412cf7d720b6a7e6eda5814ebef /usr/local/esop/agent/mole/handler/postlog
9480d4fc95a310a9c4ec9d86753b0bea /usr/local/esop/agent/mole/handler/sendmail
a5a9b33f490142ff84da99ff524ac8f4 /usr/local/esop/agent/mole/handler/takesnap
b61775535e246395f9565644234bf771 /usr/local/esop/agent/mole/plugin/.inner/mole_check_remote
2875dcb54b19fc0969472da9e3999b4d /usr/local/esop/agent/mole/plugin/.inner/mole_clear_overdue
f82c48745e33de2ae390896fb32e124a /usr/local/esop/agent/mole/plugin/.inner/mole_iam_alive
600726894f860f1f9bd8be3d5b6c202b /usr/local/esop/agent/mole/plugin/.inner/mole_log_rotate
86ea3a981bef2fe5fed079d75bda75ee /usr/local/esop/agent/mole/plugin/.inner/mole_report_conf
d719d292fab7252f1369063b441acc55 /usr/local/esop/agent/mole/plugin/.inner/mole_self_check
b7bdbbf61a2d441a5ac7dcade8da0e92 /usr/local/esop/agent/mole/share/locale/zh_CN/LC_MESSAGES/mole.mo
8833a7bc3a65d9082c723e54ef8ef045 /usr/local/esop/agent/mole/share/locale/zh_CN/LC_MESSAGES/mole.po
e1d145de126879529b7458715c383f2c /usr/local/esop/agent/mole/opt/sendEmail
c516a25201c1203be5ec6637e276baef /usr/local/esop/agent/mole/opt/tpl/notify_mail.tpl
6762d74a96a910910f909cd29edd740d  /usr/local/esop/agent/mole/share/locale/zh_CN/LC_MESSAGES/cpu_usage.po
c6fb11ecdd0a8bbba4d1c78c61f2aa8e  /usr/local/esop/agent/mole/share/locale/zh_CN/LC_MESSAGES/cpu_usage.mo
ff9b014cfae99c0c80af9ca5cb2936ea  /usr/local/esop/agent/mole/plugin/cpu_usage
28ccc8248f938be53d0fc1a9c1164477  /usr/local/esop/agent/mole/share/locale/zh_CN/LC_MESSAGES/disk_fs.mo
c6a75630e0b6777a14535d460c070223  /usr/local/esop/agent/mole/share/locale/zh_CN/LC_MESSAGES/disk_fs.po
0dde4ecbdc3ed4c47fc8e7b30f0573f3  /usr/local/esop/agent/mole/plugin/disk_fs
aac50c3e1033609784fb50f97b692012  /usr/local/esop/agent/mole/plugin/disk_iostat
63eea42cc25811adbec3444493ef4d1e  /usr/local/esop/agent/mole/share/locale/zh_CN/LC_MESSAGES/disk_iostat.mo
6b8d0ae3e29cedf51861a7a70b5b4195  /usr/local/esop/agent/mole/share/locale/zh_CN/LC_MESSAGES/disk_iostat.po
97b7e6ab3a1b0fd7d358da183b0245b8  /usr/local/esop/agent/mole/share/locale/zh_CN/LC_MESSAGES/disk_space.po
b9c8f0874a1e64ac26c37d7a0000ed6d  /usr/local/esop/agent/mole/share/locale/zh_CN/LC_MESSAGES/disk_space.mo
f7c8b69800abcee3b755fd4a24dea252  /usr/local/esop/agent/mole/plugin/disk_space
f5148a6862f843da51240f467706e0e6  /usr/local/esop/agent/mole/plugin/memory
45c075d8a5cf0c665f571303cefa4642  /usr/local/esop/agent/mole/share/locale/zh_CN/LC_MESSAGES/memory.po
d6fca4695125f3b586b09ec9e92d841f  /usr/local/esop/agent/mole/share/locale/zh_CN/LC_MESSAGES/memory.mo
1e2f23ff0deb84c01e98335257818dbf  /usr/local/esop/agent/mole/share/locale/zh_CN/LC_MESSAGES/notify_oom.mo
77297477c6527654401c689ceab924a2  /usr/local/esop/agent/mole/share/locale/zh_CN/LC_MESSAGES/notify_oom.po
ac67304801d7e3c09271f433c7c79eb3  /usr/local/esop/agent/mole/plugin/notify_oom
0c999e48a7d6397d199031de8d23aac0  /usr/local/esop/agent/mole/plugin/notify_syslogin
7c880e8188f37c92c4f00748dd8b2656  /usr/local/esop/agent/mole/share/locale/zh_CN/LC_MESSAGES/notify_syslogin.po
533a3722feae22286845e37b983c5982  /usr/local/esop/agent/mole/share/locale/zh_CN/LC_MESSAGES/notify_syslogin.mo
2b2ddbe10abf80a8c3e2f4576da0b5a9  /usr/local/esop/agent/mole/share/locale/zh_CN/LC_MESSAGES/port.po
32aaacc87a17177b1215fb6092a3c0df  /usr/local/esop/agent/mole/share/locale/zh_CN/LC_MESSAGES/port.mo
c60fbdecda1293bdf05f67abe9aa6bfb  /usr/local/esop/agent/mole/plugin/port
eca27e0f7c6f0461a3abf9cc28bc090f  /usr/local/esop/agent/mole/plugin/process
d5cb3a7f16afbade822d389de857715b  /usr/local/esop/agent/mole/share/locale/zh_CN/LC_MESSAGES/process.mo
c251d38cb465d37a4aa6b288a6613880  /usr/local/esop/agent/mole/share/locale/zh_CN/LC_MESSAGES/process.po
d1dc7e9883f58e069949304474e3769c  /usr/local/esop/agent/mole/plugin/sysload
e2f997178212649e8343846f7ba1b728  /usr/local/esop/agent/mole/share/locale/zh_CN/LC_MESSAGES/sysload.po
e138c42f86ff0951cea09862525db9b2  /usr/local/esop/agent/mole/share/locale/zh_CN/LC_MESSAGES/sysload.mo
b46b7a038d28abfd3fa829634a6d7687  /usr/local/esop/agent/mole/plugin/system_dyninfo
33643dcad1a24fa6eb4a81ba7b5a160e  /usr/local/esop/agent/mole/plugin/system_fixinfo
53d0d70ab92d0be9df9e6f43863e028f  /usr/local/esop/agent/mole/share/locale/zh_CN/LC_MESSAGES/tcp_conn.po
dbce41a9d6929592e9d6c122e194bdd6  /usr/local/esop/agent/mole/share/locale/zh_CN/LC_MESSAGES/tcp_conn.mo
b5e23b2dd44fd4f196f105ef8e63eba0  /usr/local/esop/agent/mole/plugin/tcp_conn
3ebd0f977772620de890916d89d9c39d  /usr/local/esop/agent/mole/share/locale/zh_CN/LC_MESSAGES/traffic.mo
da7d3488872ccda64cac4d2f291dd1c1  /usr/local/esop/agent/mole/share/locale/zh_CN/LC_MESSAGES/traffic.po
20a9873097e1b2efd8577a4c89ee0f06  /usr/local/esop/agent/mole/plugin/traffic
