5ff5e0b86b52540183b73e9927281da5  /usr/local/esop/agent/mole/share/locale/zh_CN/LC_MESSAGES/imap_svr.po
dec1d96f4e93495d91682f2f50515ec9  /usr/local/esop/agent/mole/share/locale/zh_CN/LC_MESSAGES/imap_svr.mo
4a25082f5dd0fdcf48e4022872aae6ab  /usr/local/esop/agent/mole/plugin/imap_svr
1d214a88a5ee4de142d2882b274ef5c9  /usr/local/esop/agent/mole/share/locale/zh_CN/LC_MESSAGES/smtp_svr.mo
2535e2afba4de5462dc6d1cdf71852c4  /usr/local/esop/agent/mole/share/locale/zh_CN/LC_MESSAGES/smtp_svr.po
96f1bc4ca7326bb173f0e156e4070465  /usr/local/esop/agent/mole/plugin/smtp_svr
a4222f247676f8e4214ced7f34fc3fcd  /usr/local/esop/agent/mole/plugin/pop_svr
1a760089f6fa97f7dcd4ccb80e21080d  /usr/local/esop/agent/mole/share/locale/zh_CN/LC_MESSAGES/pop_svr.po
f38df1fc630f0fc06d1d14e3d8113dfa  /usr/local/esop/agent/mole/share/locale/zh_CN/LC_MESSAGES/pop_svr.mo
2f932de211432e9b7ca560ba5389f485  /usr/local/esop/agent/mole/plugin/http_svr
68c2510d2bc51336edceaa93f5e5de25  /usr/local/esop/agent/mole/share/locale/zh_CN/LC_MESSAGES/http_svr.po
6a860139cda502a09742bb7a5f81e797  /usr/local/esop/agent/mole/share/locale/zh_CN/LC_MESSAGES/http_svr.mo
c90f27534f1f2e1a68c4710318f0ef58  /usr/local/esop/agent/mole/share/locale/zh_CN/LC_MESSAGES/dns_svr.po
f8bc4a85c9592387763f79cbc7f9ac24  /usr/local/esop/agent/mole/share/locale/zh_CN/LC_MESSAGES/dns_svr.mo
275d7b7fd7507c5fa920881ab3fe34e7  /usr/local/esop/agent/mole/plugin/dns_svr
c99e27ee5a70972e580315e7e1f6760a  /usr/local/esop/agent/mole/plugin/emp_mailqueue
32535b311b51c7fc8501075ff04a6c43  /usr/local/esop/agent/mole/share/locale/zh_CN/LC_MESSAGES/emp_mailqueue.po
196c5a0d6331669a76bb0b32be702327  /usr/local/esop/agent/mole/share/locale/zh_CN/LC_MESSAGES/emp_mailqueue.mo
